[agladiadoraturismo.com/aparecida/index.html]
[backblue.gif]
[fade.gif]
[index.html]
[agladiadoraturismo.com/wp-includes/js/jquery/jquery.minf43b.js]
[agladiadoraturismo.com/wp-includes/js/jquery/jquery-migrate.min5589.js]
[agladiadoraturismo.com/wp-content/plugins/extensions-for-elementor-form/assets/script6a9f.js]
[agladiadoraturismo.com/wp-content/plugins/woocommerce/assets/js/js-cookie/js.cookie.minc599.js]
[agladiadoraturismo.com/wp-content/plugins/shopengine/assets/js/shopengine-modal9776.js]
[agladiadoraturismo.com/wp-content/plugins/shopengine/modules/quick-view/assets/js/script109c.js]
[agladiadoraturismo.com/wp-content/plugins/shopengine/modules/wishlist/assets/js/wishlist109c.js]
[agladiadoraturismo.com/wp-content/plugins/pixelyoursite/dist/scripts/jquery.bind-first-0.2.3.min109c.js]
[agladiadoraturismo.com/wp-content/plugins/pixelyoursite/dist/scripts/publicedeb.js]
[agladiadoraturismo.com/wp-content/themes/phlox/js/solo/modernizr-custom.minbf47.js]
[connect.facebook.net/en_US/fbevents.js]
[agladiadoraturismo.com/wp-content/uploads/2022/01/cropped-logo-e-nome-logo-site-retina-1-32x32.png]
[agladiadoraturismo.com/wp-content/uploads/2022/01/cropped-logo-e-nome-logo-site-retina-1-192x192.png]
[agladiadoraturismo.com/wp-content/uploads/2022/01/cropped-logo-e-nome-logo-site-retina-1-180x180.png]
[agladiadoraturismo.com/wp-content/plugins/official-facebook-pixel/js/openbridge_plugin.js]
[agladiadoraturismo.com/wp-content/uploads/2022/07/logo-branco-AGT.png]
[agladiadoraturismo.com/wp-content/uploads/2024/06/fach1.png]
[agladiadoraturismo.com/wp-content/uploads/2024/06/0.5-768x768.jpg]
[agladiadoraturismo.com/wp-content/uploads/2024/06/Imagem-do-WhatsApp-de-2024-06-02-as-09.01.00_743b1996-768x768.jpg]
[agladiadoraturismo.com/wp-content/uploads/2024/06/Imagem-do-WhatsApp-de-2024-06-02-as-16.53.22_51582c4a-768x768.jpg]
[agladiadoraturismo.com/wp-content/uploads/2022/09/SITE.jpg]
[agladiadoraturismo.com/wp-content/uploads/2022/09/3-1024x1024.jpg]
[agladiadoraturismo.com/wp-content/uploads/2022/09/5-1024x1024.jpg]
[agladiadoraturismo.com/wp-content/uploads/2022/09/10-1024x1024.jpg]
[agladiadoraturismo.com/wp-content/uploads/2022/09/7-1024x1024.jpg]
[agladiadoraturismo.com/wp-content/uploads/2022/09/11-1024x1024.jpg]
[agladiadoraturismo.com/wp-content/uploads/2022/09/conselhodebairrosrj_213755283_236896334934093_8586085097186109007_n-1023x1024.jpg]
[agladiadoraturismo.com/wp-content/uploads/2022/09/Design-sem-nome-96-300x300.png]
[agladiadoraturismo.com/wp-content/uploads/2024/06/WhatsApp-Image-2023-07-30-at-21.09.10-300x300.jpg]
[agladiadoraturismo.com/wp-content/uploads/2024/06/Imagem-do-WhatsApp-de-2024-05-05-as-07.41.45_635aed71-300x300.jpg]
[agladiadoraturismo.com/wp-content/uploads/2024/06/Design-sem-nome-300x300.png]
[agladiadoraturismo.com/wp-content/uploads/2022/09/1-2.png]
[agladiadoraturismo.com/wp-content/uploads/2022/09/2-2.png]
[agladiadoraturismo.com/wp-content/uploads/2022/09/3-2.png]
[agladiadoraturismo.com/wp-content/uploads/2022/09/4-2.png]
[agladiadoraturismo.com/aparecida/image/gif;base64,R0lGODlhAQABAIAAAAAAAP/yH5BAEAAAAALAAAAAABAAEAAAIBRAA7]
[agladiadoraturismo.com/wp-content/uploads/2022/09/Lucas-Leonel-WhatsApp-LP.jpg]
[agladiadoraturismo.com/wp-content/uploads/2022/09/Viviane-Ferreira-WhatsApp-LP.jpg]
[agladiadoraturismo.com/wp-content/uploads/2022/09/Fernanda-Fernandes-WhatsApp-LP.jpg]
[agladiadoraturismo.com/wp-content/uploads/2022/09/Jane-Valkiria-WhatsApp-LP.jpg]
[agladiadoraturismo.com/wp-content/uploads/2022/09/Glaziane-Leonor-WhatsApp-LP-300x300.jpg]
[agladiadoraturismo.com/wp-content/uploads/2022/09/Tania-Cristina-WhatsApp-LP.jpg]
[agladiadoraturismo.com/wp-content/uploads/2023/11/3-300x300.jpg]
[agladiadoraturismo.com/wp-includes/js/imagesloaded.minbb93.js]
[agladiadoraturismo.com/wp-includes/js/masonry.min3a05.js]
[agladiadoraturismo.com/wp-content/themes/phlox/js/plugins.minbf47.js]
[agladiadoraturismo.com/wp-content/themes/phlox/js/scripts.minbf47.js]
[agladiadoraturismo.com/wp-content/plugins/auxin-elements/admin/assets/js/elementor/widgets4d48.js]
[agladiadoraturismo.com/wp-includes/js/mediaelement/mediaelement-and-player.min1f61.js]
[agladiadoraturismo.com/wp-includes/js/mediaelement/mediaelement-migrate.min109c.js]
[agladiadoraturismo.com/wp-includes/js/mediaelement/wp-mediaelement.min109c.js]
[agladiadoraturismo.com/wp-content/plugins/auxin-elements/public/assets/js/plugins.min4d48.js]
[agladiadoraturismo.com/wp-content/plugins/auxin-elements/public/assets/js/scripts4d48.js]
[agladiadoraturismo.com/wp-content/plugins/contact-form-7/includes/swv/js/index77e1.js]
[agladiadoraturismo.com/wp-content/plugins/contact-form-7/includes/js/index77e1.js]
[agladiadoraturismo.com/wp-content/plugins/woocommerce/assets/js/flexslider/jquery.flexslider.mind5f8.js]
[agladiadoraturismo.com/wp-content/plugins/woocommerce/assets/js/jquery-blockui/jquery.blockUI.mindc32.js]
[agladiadoraturismo.com/wp-content/plugins/woocommerce/assets/js/frontend/add-to-cart.min823d.js]
[agladiadoraturismo.com/wp-content/plugins/woocommerce/assets/js/frontend/woocommerce.min823d.js]
[agladiadoraturismo.com/wp-content/plugins/woocommerce/assets/js/frontend/cart-fragments.min823d.js]
[agladiadoraturismo.com/wp-content/plugins/wp-ulike/assets/js/wp-ulike.min82d0.js]
[agladiadoraturismo.com/wp-content/plugins/shopengine/assets/js/simple-scrollbar9776.js]
[agladiadoraturismo.com/wp-content/plugins/shopengine/assets/js/filter9776.js]
[agladiadoraturismo.com/wp-content/plugins/shopengine/assets/js/public9776.js]
[agladiadoraturismo.com/wp-content/plugins/ajax-search-lite/js/min/plugin/optimized/asl-prereqeee7.js]
[agladiadoraturismo.com/wp-content/plugins/ajax-search-lite/js/min/plugin/optimized/asl-coreeee7.js]
[agladiadoraturismo.com/wp-content/plugins/ajax-search-lite/js/min/plugin/optimized/asl-results-verticaleee7.js]
[agladiadoraturismo.com/wp-content/plugins/ajax-search-lite/js/min/plugin/optimized/asl-autocompleteeee7.js]
[agladiadoraturismo.com/wp-content/plugins/ajax-search-lite/js/min/plugin/optimized/asl-loadeee7.js]
[agladiadoraturismo.com/wp-content/plugins/ajax-search-lite/js/min/plugin/optimized/asl-wrappereee7.js]
[agladiadoraturismo.com/wp-content/plugins/elementskit-lite/libs/framework/assets/js/frontend-scriptde39.js]
[agladiadoraturismo.com/wp-content/plugins/elementskit-lite/widgets/init/assets/js/widget-scriptsde39.js]
[agladiadoraturismo.com/wp-content/plugins/shopengine/modules/swatches/loop-product-support/assets/swatchesf740.js]
[agladiadoraturismo.com/wp-content/plugins/shopengine/modules/comparison/assets/js/comparison9776.js]
[agladiadoraturismo.com/wp-content/uploads/wpmss/wpmssab.min56fc.js]
[agladiadoraturismo.com/wp-content/plugins/mousewheel-smooth-scroll/js/SmoothScroll.min5b3c.js]
[agladiadoraturismo.com/wp-content/uploads/wpmss/wpmss.min56fc.js]
[agladiadoraturismo.com/wp-content/plugins/shopengine/modules/swatches/assets/js/frontend9776.js]
[agladiadoraturismo.com/wp-content/uploads/phlox/customde54.js]
[agladiadoraturismo.com/wp-content/plugins/elementor/assets/lib/font-awesome/js/v4-shims.min57a7.js]
[agladiadoraturismo.com/wp-content/plugins/jet-engine/assets/js/frontend19ce.js]
[agladiadoraturismo.com/wp-content/plugins/jetsticky-for-elementor/assets/js/lib/ResizeSensor.min7d4c.js]
[agladiadoraturismo.com/wp-content/plugins/jetsticky-for-elementor/assets/js/lib/sticky-sidebar/sticky-sidebar.min3d36.js]
[agladiadoraturismo.com/wp-content/plugins/jetsticky-for-elementor/assets/js/lib/jsticky/jquery.jstickyf488.js]
[agladiadoraturismo.com/wp-content/plugins/elementor-pro/assets/js/webpack-pro.runtime.min81e1.js]
[agladiadoraturismo.com/wp-content/plugins/elementor/assets/js/webpack.runtime.min57a7.js]
[agladiadoraturismo.com/wp-content/plugins/elementor/assets/js/frontend-modules.min57a7.js]
[agladiadoraturismo.com/wp-includes/js/dist/hooks.min2757.js]
[agladiadoraturismo.com/wp-includes/js/dist/i18n.minc33c.js]
[agladiadoraturismo.com/wp-content/plugins/elementor-pro/assets/js/frontend.min81e1.js]
[agladiadoraturismo.com/wp-includes/js/jquery/ui/core.minb37e.js]
[agladiadoraturismo.com/wp-content/plugins/elementor/assets/js/frontend.min57a7.js]
[agladiadoraturismo.com/wp-content/plugins/elementor-pro/assets/js/elements-handlers.min81e1.js]
[agladiadoraturismo.com/wp-content/plugins/shopengine/widgets/init/assets/js/widgets9776.js]
[agladiadoraturismo.com/wp-content/plugins/jetsticky-for-elementor/assets/js/jet-sticky-frontend4bf4.js]
[agladiadoraturismo.com/wp-content/plugins/elementskit-lite/widgets/init/assets/js/animate-circlede39.js]
[agladiadoraturismo.com/wp-content/plugins/elementskit-lite/widgets/init/assets/js/elementorde39.js]
[agladiadoraturismo.com/wp-content/plugins/elementor/assets/lib/swiper/swiper.minde39.js]
[agladiadoraturismo.com/aparecida/index.html]
[agladiadoraturismo.com/wp-content/plugins/instagram-feed/css/sbi-styles.mind42d.css]
[agladiadoraturismo.com/wp-content/plugins/shopengine/assets/css/shopengine-public9776.css]
[agladiadoraturismo.com/wp-content/plugins/shopengine/widgets/init/assets/css/widget-frontend9776.css]
[agladiadoraturismo.com/wp-content/plugins/jet-engine/assets/css/frontend19ce.css]
[agladiadoraturismo.com/wp-content/plugins/contact-form-7/includes/css/styles77e1.css]
[agladiadoraturismo.com/wp-content/plugins/extensions-for-elementor-form/assets/style6a9f.css]
[agladiadoraturismo.com/wp-content/plugins/woocommerce/assets/css/woocommerce-layout823d.css]
[agladiadoraturismo.com/wp-content/plugins/woocommerce/assets/css/woocommerce-smallscreen823d.css]
[agladiadoraturismo.com/wp-content/plugins/woocommerce/assets/css/woocommerce823d.css]
[agladiadoraturismo.com/wp-content/plugins/wp-ulike/assets/img/icons/twitter-heart.png]
[agladiadoraturismo.com/wp-content/plugins/wp-ulike/assets/img/icons/heart.png]
[agladiadoraturismo.com/wp-content/plugins/wp-ulike/assets/css/wp-ulike.min82d0.css]
[agladiadoraturismo.com/wp-content/themes/phlox/css/basebf47.css]
[agladiadoraturismo.com/wp-content/themes/phlox/css/fonts/fontastic/auxicon/auxin-front.eot]
[agladiadoraturismo.com/wp-content/themes/phlox/css/fonts/fontastic/auxicon/auxin-frontd41d.eot]
[agladiadoraturismo.com/wp-content/themes/phlox/css/fonts/fontastic/auxicon/auxin-front.woff]
[agladiadoraturismo.com/wp-content/themes/phlox/css/fonts/fontastic/auxicon/auxin-front.ttf]
[agladiadoraturismo.com/wp-content/themes/phlox/css/fonts/fontastic/auxicon2/auxin-front-2.eot]
[agladiadoraturismo.com/wp-content/themes/phlox/css/fonts/fontastic/auxicon2/auxin-front-2d41d.eot]
[agladiadoraturismo.com/wp-content/themes/phlox/css/fonts/fontastic/auxicon2/auxin-front-2.woff]
[agladiadoraturismo.com/wp-content/themes/phlox/css/fonts/fontastic/auxicon2/auxin-front-2.ttf]
[agladiadoraturismo.com/wp-content/themes/phlox/css/auxin-iconbf47.css]
[agladiadoraturismo.com/wp-content/themes/phlox/css/images/photoswipe/default-skin.png]
[agladiadoraturismo.com/wp-content/themes/phlox/css/images/photoswipe/preloader.gif]
[agladiadoraturismo.com/wp-content/themes/phlox/css/mainbf47.css]
[agladiadoraturismo.com/wp-content/plugins/elementor/assets/css/frontend.min57a7.css]
[agladiadoraturismo.com/wp-content/uploads/elementor/css/post-3096befb.css]
[agladiadoraturismo.com/wp-content/plugins/ajax-search-lite/css/style.basic5690.css]
[agladiadoraturismo.com/wp-content/plugins/ajax-search-lite/css/style-curvy-red5690.css]
[agladiadoraturismo.com/wp-content/plugins/elementor/assets/css/widget-image.min57a7.css]
[agladiadoraturismo.com/wp-content/plugins/elementor/assets/lib/animations/styles/e-animation-bounce-in.min57a7.css]
[agladiadoraturismo.com/wp-content/plugins/elementor/assets/lib/animations/styles/fadeInUp.min57a7.css]
[agladiadoraturismo.com/wp-content/plugins/elementor/assets/lib/animations/styles/fadeIn.min57a7.css]
[agladiadoraturismo.com/wp-content/plugins/elementor/assets/css/widget-icon-list.min57a7.css]
[agladiadoraturismo.com/wp-content/plugins/elementor/assets/lib/eicons/css/elementor-icons.min0fd8.css]
[agladiadoraturismo.com/wp-content/plugins/elementor/assets/lib/swiper/v8/css/swiper.min94a4.css]
[agladiadoraturismo.com/wp-content/plugins/elementor/assets/css/conditionals/e-swiper.min57a7.css]
[agladiadoraturismo.com/wp-content/uploads/elementor/css/post-2113befb.css]
[agladiadoraturismo.com/wp-content/themes/phlox/css/other/elementorbf47.css]
[agladiadoraturismo.com/wp-content/plugins/auxin-elements/admin/assets/css/elementor-widgets4d48.css]
[agladiadoraturismo.com/wp-includes/js/mediaelement/mediaelementplayer-legacy.min1f61.css]
[agladiadoraturismo.com/wp-includes/js/mediaelement/wp-mediaelement.min109c.css]
[agladiadoraturismo.com/wp-content/plugins/elementor-pro/assets/css/frontend.min81e1.css]
[agladiadoraturismo.com/wp-content/plugins/jetsticky-for-elementor/assets/css/jet-sticky-frontend4bf4.css]
[agladiadoraturismo.com/wp-content/plugins/elementor/assets/css/widget-heading.min57a7.css]
[agladiadoraturismo.com/wp-content/plugins/elementor/assets/css/widget-text-editor.min57a7.css]
[agladiadoraturismo.com/wp-content/plugins/elementor/assets/lib/animations/styles/e-animation-grow.min57a7.css]
[agladiadoraturismo.com/wp-content/plugins/elementor/assets/css/widget-menu-anchor.min57a7.css]
[agladiadoraturismo.com/wp-content/plugins/elementor/assets/css/conditionals/shapes.min57a7.css]
[agladiadoraturismo.com/wp-content/plugins/elementor/assets/css/widget-video.min57a7.css]
[agladiadoraturismo.com/wp-content/plugins/elementor/assets/css/widget-divider.min57a7.css]
[agladiadoraturismo.com/wp-content/plugins/elementor/assets/css/widget-image-box.min57a7.css]
[agladiadoraturismo.com/wp-content/plugins/elementor/assets/css/widget-accordion.min57a7.css]
[agladiadoraturismo.com/wp-content/plugins/elementor-pro/assets/css/widget-forms.min81e1.css]
[agladiadoraturismo.com/wp-content/plugins/metform/public/assets/css/flatpickr.min77e6.css]
[agladiadoraturismo.com/wp-content/plugins/elementor/assets/css/widget-spacer.min57a7.css]
[agladiadoraturismo.com/wp-content/uploads/2022/09/W.jpg]
[agladiadoraturismo.com/wp-content/uploads/elementor/css/post-17816c48.css]
[agladiadoraturismo.com/wp-content/uploads/elementor/css/post-70e07c.css]
[agladiadoraturismo.com/wp-content/uploads/elementor/css/post-71e07c.css]
[agladiadoraturismo.com/wp-content/plugins/elementskit-lite/modules/elementskit-icon-pack/assets/css/ekiticonsde39.css]
[agladiadoraturismo.com/wp-content/plugins/shopengine/assets/css/shopengine-modal9776.css]
[agladiadoraturismo.com/wp-content/plugins/shopengine/modules/swatches/loop-product-support/assets/swatches8de4.css]
[agladiadoraturismo.com/wp-content/plugins/shopengine/modules/wishlist/assets/css/wishlist9776.css]
[agladiadoraturismo.com/wp-content/plugins/shopengine/modules/comparison/assets/css/comparison109c.css]
[agladiadoraturismo.com/wp-content/plugins/shopengine/modules/swatches/assets/css/frontend9776.css]
[agladiadoraturismo.com/wp-content/uploads/phlox/customad05.css]
[agladiadoraturismo.com/wp-content/plugins/elementskit-lite/widgets/init/assets/img/arrow.png]
[agladiadoraturismo.com/wp-content/plugins/elementskit-lite/widgets/init/assets/img/sort_asc.png]
[agladiadoraturismo.com/wp-content/plugins/elementskit-lite/widgets/init/assets/img/sort_desc.png]
[agladiadoraturismo.com/wp-content/plugins/elementskit-lite/widgets/init/assets/img/sort_asc_disabled.png]
[agladiadoraturismo.com/wp-content/plugins/elementskit-lite/widgets/init/assets/css/widget-stylesde39.css]
[agladiadoraturismo.com/wp-content/plugins/elementskit-lite/widgets/init/assets/css/responsivede39.css]
[agladiadoraturismo.com/wp-content/plugins/elementor/assets/lib/font-awesome/css/fontawesome.min52d5.css]
[agladiadoraturismo.com/wp-content/plugins/elementor/assets/lib/font-awesome/css/solid.min52d5.css]
[agladiadoraturismo.com/wp-content/plugins/elementor/assets/lib/font-awesome/css/brands.min52d5.css]
[www.googletagmanager.com/gtm5445.html]
[agladiadoraturismo.com/aparecida/POST]
[agladiadoraturismo.com/aparecida/b.resolvedLink]
[agladiadoraturismo.com/aparecida/schema.org/index.html]
[agladiadoraturismo.com/signals/iwl.js]
[connect.facebook.net/en_US/fbevents.js]
[agladiadoraturismo.com/aparecida/image/gif;base64,R0lGODlhAQABAIAAAAAAAP/yH5BAEAAAAALAAAAAABAAEAAAIBRAA7.html]
[agladiadoraturismo.com/wp-content/plugins/elementor/assets/lib/font-awesome/css/all.min57a7.css]
[agladiadoraturismo.com/wp-content/plugins/elementor/assets/lib/font-awesome/css/v4-shims.min57a7.css]
[agladiadoraturismo.com/wp-content/themes/phlox/css/fonts/fontastic/auxicon/auxin-front.svg]
[agladiadoraturismo.com/wp-content/themes/phlox/css/fonts/fontastic/auxicon2/auxin-front-2.svg]
[agladiadoraturismo.com/wp-content/themes/phlox/css/images/svg/symbols.svg]
[agladiadoraturismo.com/wp-content/themes/phlox/css/images/svg/downarrow.svg]
[agladiadoraturismo.com/wp-content/themes/phlox/css/images/svg/spinner-default.svg]
[agladiadoraturismo.com/wp-content/themes/phlox/css/images/svg/spinner-light.svg]
[agladiadoraturismo.com/wp-content/themes/phlox/css/images/svg/spinner-dark.svg]
[agladiadoraturismo.com/wp-content/themes/phlox/css/images/photoswipe/default-skin.svg]
[agladiadoraturismo.com/wp-content/themes/phlox/css/images/controls/arrows/small-arrow-down.svg]
[agladiadoraturismo.com/wp-content/themes/phlox/css/images/svg/checkbox.svg]
[agladiadoraturismo.com/wp-content/themes/phlox/css/other/mejs/dark-video-play.svg]
[agladiadoraturismo.com/wp-content/themes/phlox/css/other/mejs/dark-player.controls.svg]
[agladiadoraturismo.com/wp-content/themes/phlox/css/other/mejs/light-video-play.svg]
[agladiadoraturismo.com/wp-content/themes/phlox/css/other/mejs/light-player.controls.svg]
[agladiadoraturismo.com/wp-content/themes/phlox/css/images/svg/play.svg]
[agladiadoraturismo.com/wp-content/themes/phlox/css/images/svg/pause.svg]
[agladiadoraturismo.com/wp-content/themes/phlox/css/images/controls/arrows/small-arrow-down-white.svg]
[agladiadoraturismo.com/wp-content/themes/phlox/css/images/svg/leftarrow.svg]
[agladiadoraturismo.com/wp-content/themes/phlox/css/images/svg/rightarrow.svg]
[agladiadoraturismo.com/wp-content/themes/phlox/css/images/svg/404.svg]
[agladiadoraturismo.com/wp-content/themes/phlox/css/images/svg/reply.svg]
[agladiadoraturismo.com/wp-includes/js/mediaelement/mejs-controls.svg]
[agladiadoraturismo.com/aparecida/POST.html]
[agladiadoraturismo.com/aparecida/schema.org/index.html]
[agladiadoraturismo.com/aparecida/b.html]
[agladiadoraturismo.com/signals/iwl.html]
